\BOOKMARK [0][-]{chapter*.1}{\376\377\000P\000r\000e\000f\000a\000c\000e}{}% 1
\BOOKMARK [0][-]{chapter*.2}{\376\377\000C\000o\000n\000t\000e\000n\000t\000s}{}% 2
\BOOKMARK [0][-]{chapter.1}{\376\377\000P\000r\000e\000l\000i\000m\000i\000n\000a\000r\000i\000e\000s}{}% 3
\BOOKMARK [1][-]{section.1.1}{\376\377\000F\000u\000n\000d\000a\000m\000e\000n\000t\000a\000l\000\040\000p\000l\000a\000s\000m\000a\000\040\000p\000a\000r\000a\000m\000e\000t\000e\000r\000s}{chapter.1}% 4
\BOOKMARK [1][-]{section.1.2}{\376\377\000L\000o\000g\000i\000c\000a\000l\000\040\000s\000c\000h\000e\000m\000e\000\040\000o\000f\000\040\000p\000l\000a\000s\000m\000a\000\040\000p\000h\000y\000s\000i\000c\000s}{chapter.1}% 5
\BOOKMARK [1][-]{section.1.3}{\376\377\000D\000e\000b\000y\000e\000\040\000S\000h\000i\000e\000l\000d\000i\000n\000g}{chapter.1}% 6
\BOOKMARK [1][-]{section.1.4}{\376\377\000Q\000u\000a\000s\000i\000-\000n\000e\000u\000t\000r\000a\000l\000i\000t\000y}{chapter.1}% 7
\BOOKMARK [1][-]{section.1.5}{\376\377\000C\000o\000l\000l\000i\000s\000i\000o\000n\000s\000\040\000i\000n\000\040\000p\000l\000a\000s\000m\000a\000s\000:\000\040\000f\000i\000r\000s\000t\000\040\000c\000o\000n\000s\000i\000d\000e\000r\000a\000t\000i\000o\000n\000s}{chapter.1}% 8
\BOOKMARK [2][-]{subsection.1.5.1}{\376\377\000D\000i\000g\000r\000e\000s\000s\000i\000o\000n\000:\000\040\000c\000r\000o\000s\000s\000-\000s\000e\000c\000t\000i\000o\000n\000s}{section.1.5}% 9
\BOOKMARK [2][-]{subsection.1.5.2}{\376\377\000C\000o\000l\000l\000i\000s\000i\000o\000n\000s\000\040\000w\000i\000t\000h\000\040\000s\000m\000a\000l\000l\000\040\000a\000n\000d\000\040\000l\000a\000r\000g\000e\000\040\000a\000n\000g\000l\000e\000s\000\040\000o\000f\000\040\000d\000e\000f\000l\000e\000c\000t\000i\000o\000n}{section.1.5}% 10
\BOOKMARK [2][-]{subsection.1.5.3}{\376\377\000S\000l\000o\000w\000i\000n\000g\000\040\000d\000o\000w\000n\000\040\000o\000f\000\040\000a\000\040\000m\000o\000n\000o\000-\000e\000n\000e\000r\000g\000e\000t\000i\000c\000\040\000b\000e\000a\000m}{section.1.5}% 11
\BOOKMARK [2][-]{subsection.1.5.4}{\376\377\000T\000y\000p\000e\000s\000\040\000a\000n\000d\000\040\000f\000r\000e\000q\000u\000e\000n\000c\000i\000e\000s\000\040\000o\000f\000\040\000c\000o\000l\000l\000i\000s\000i\000o\000n\000a\000l\000\040\000p\000h\000e\000n\000o\000m\000e\000n\000a}{section.1.5}% 12
\BOOKMARK [3][-]{subsubsection.1.5.4.1}{\376\377\000F\000r\000e\000q\000u\000e\000n\000c\000i\000e\000s\000\040\000o\000f\000\040\000m\000o\000m\000e\000n\000t\000u\000m\000\040\000d\000i\000s\000s\000i\000p\000a\000t\000i\000o\000n}{subsection.1.5.4}% 13
\BOOKMARK [3][-]{subsubsection.1.5.4.2}{\376\377\000E\000l\000e\000c\000t\000r\000o\000n\000-\000e\000l\000e\000c\000t\000r\000o\000n\000\040\000c\000o\000l\000l\000i\000s\000i\000o\000n\000s}{subsection.1.5.4}% 14
\BOOKMARK [3][-]{subsubsection.1.5.4.3}{\376\377\000I\000o\000n\000-\000i\000o\000n\000\040\000c\000o\000l\000l\000i\000s\000i\000o\000n\000s}{subsection.1.5.4}% 15
\BOOKMARK [3][-]{subsubsection.1.5.4.4}{\376\377\000E\000l\000e\000c\000t\000r\000o\000n\000-\000i\000o\000n\000\040\000c\000o\000l\000l\000i\000s\000i\000o\000n\000s}{subsection.1.5.4}% 16
\BOOKMARK [3][-]{subsubsection.1.5.4.5}{\376\377\000I\000o\000n\000-\000e\000l\000e\000c\000t\000r\000o\000n\000\040\000c\000o\000l\000l\000i\000s\000i\000o\000n\000s}{subsection.1.5.4}% 17
\BOOKMARK [3][-]{subsubsection.1.5.4.6}{\376\377\000C\000o\000m\000p\000a\000r\000i\000s\000o\000n\000\040\000o\000f\000\040\000m\000o\000m\000e\000n\000t\000u\000m\000\040\000d\000i\000s\000s\000i\000p\000a\000t\000i\000o\000n\000\040\000f\000r\000e\000q\000u\000e\000n\000c\000i\000e\000s}{subsection.1.5.4}% 18
\BOOKMARK [1][-]{section.1.6}{\376\377\000S\000i\000m\000p\000l\000e\000\040\000t\000r\000a\000n\000s\000p\000o\000r\000t\000\040\000p\000h\000e\000n\000o\000m\000e\000n\000a}{chapter.1}% 19
\BOOKMARK [2][-]{subsection.1.6.1}{\376\377\000E\000l\000e\000c\000t\000r\000i\000c\000a\000l\000\040\000r\000e\000s\000i\000s\000t\000i\000v\000i\000t\000y}{section.1.6}% 20
\BOOKMARK [3][-]{subsubsection.1.6.1.1}{\376\377\000D\000r\000e\000i\000c\000e\000r\000\040\000e\000l\000e\000c\000t\000r\000i\000c\000\040\000f\000i\000e\000l\000d}{subsection.1.6.1}% 21
\BOOKMARK [2][-]{subsection.1.6.2}{\376\377\000T\000e\000m\000p\000e\000r\000a\000t\000u\000r\000e\000\040\000e\000q\000u\000i\000l\000i\000b\000r\000a\000t\000i\000o\000n}{section.1.6}% 22
\BOOKMARK [0][-]{chapter.2}{\376\377\000M\000o\000t\000i\000o\000n\000\040\000o\000f\000\040\000a\000\040\000s\000i\000n\000g\000l\000e\000\040\000p\000l\000a\000s\000m\000a\000\040\000p\000a\000r\000t\000i\000c\000l\000e}{}% 23
\BOOKMARK [1][-]{section.2.1}{\376\377\000H\000a\000m\000i\000l\000t\000o\000n\000-\000L\000a\000g\000r\000a\000n\000g\000e\000\040\000f\000o\000r\000m\000a\000l\000i\000s\000m\000\040\000a\000p\000p\000l\000i\000e\000d\000\040\000t\000o\000\040\000a\000\040\000p\000l\000a\000s\000m\000a\000\040\000p\000a\000r\000t\000i\000c\000l\000e}{chapter.2}% 24
\BOOKMARK [2][-]{subsection.2.1.1}{\376\377\000C\000o\000n\000c\000e\000p\000t\000s\000\040\000f\000r\000o\000m\000\040\000c\000l\000a\000s\000s\000i\000c\000a\000l\000\040\000m\000e\000c\000h\000a\000n\000i\000c\000s}{section.2.1}% 25
\BOOKMARK [3][-]{subsubsection.2.1.1.1}{\376\377\000A\000c\000t\000i\000o\000n\000-\000a\000n\000g\000l\000e\000\040\000v\000a\000r\000i\000a\000b\000l\000e\000s\000\040\000a\000n\000d\000\040\000a\000d\000i\000a\000b\000a\000t\000i\000c\000\040\000i\000n\000v\000a\000r\000i\000a\000n\000t\000s}{subsection.2.1.1}% 26
\BOOKMARK [3][-]{subsubsection.2.1.1.2}{\376\377\000I\000n\000t\000e\000r\000l\000u\000d\000e\000\040\000t\000o\000\040\000m\000a\000g\000n\000e\000t\000i\000c\000\040\000c\000o\000n\000f\000i\000n\000e\000m\000e\000n\000t\000\040\000a\000n\000d\000\040\000t\000h\000e\000\040\000m\000a\000g\000n\000e\000t\000i\000c\000\040\000m\000o\000m\000e\000n\000t}{subsection.2.1.1}% 27
\BOOKMARK [1][-]{section.2.2}{\376\377\000C\000o\000n\000s\000t\000a\000n\000t\000\040\000u\000n\000i\000f\000o\000r\000m\000\040\000e\000l\000e\000c\000t\000r\000i\000c\000\040\000f\000i\000e\000l\000d}{chapter.2}% 28
\BOOKMARK [1][-]{section.2.3}{\376\377\000C\000o\000n\000s\000t\000a\000n\000t\000\040\000u\000n\000i\000f\000o\000r\000m\000\040\000m\000a\000g\000n\000e\000t\000i\000c\000\040\000f\000i\000e\000l\000d}{chapter.2}% 29
\BOOKMARK [1][-]{section.2.4}{\376\377\000C\000o\000n\000s\000t\000a\000n\000t\000\040\000u\000n\000i\000f\000o\000r\000m\000\040\000m\000a\000g\000n\000e\000t\000i\000c\000\040\000a\000n\000d\000\040\000e\000l\000e\000c\000t\000r\000i\000c\000\040\000f\000i\000e\000l\000d\000s}{chapter.2}% 30
\BOOKMARK [1][-]{section.2.5}{\376\377\000C\000o\000n\000s\000t\000a\000n\000t\000\040\000u\000n\000i\000f\000o\000r\000m\000\040\000m\000a\000g\000n\000e\000t\000i\000c\000\040\000f\000i\000e\000l\000d\000\040\000a\000n\000d\000\040\000f\000o\000r\000c\000e\000\040\000f\000i\000e\000l\000d}{chapter.2}% 31
\BOOKMARK [1][-]{section.2.6}{\376\377\000C\000o\000n\000s\000t\000a\000n\000t\000\040\000n\000o\000n\000-\000u\000n\000i\000f\000o\000r\000m\000\040\000m\000a\000g\000n\000e\000t\000i\000c\000\040\000f\000i\000e\000l\000d}{chapter.2}% 32
\BOOKMARK [2][-]{subsection.2.6.1}{\376\377\000D\000i\000r\000e\000c\000t\000i\000o\000n\000\040\000o\000f\000\040\000v\000a\000r\000i\000a\000t\000i\000o\000n\000\040\000p\000e\000r\000p\000e\000n\000d\000i\000c\000u\000l\000a\000r\000\040\000t\000o\000\040\000t\000h\000e\000\040\000f\000i\000e\000l\000d}{section.2.6}% 33
\BOOKMARK [2][-]{subsection.2.6.2}{\376\377\000D\000i\000r\000e\000c\000t\000i\000o\000n\000\040\000o\000f\000\040\000v\000a\000r\000i\000a\000t\000i\000o\000n\000\040\000p\000a\000r\000a\000l\000l\000e\000l\000\040\000t\000o\000\040\000t\000h\000e\000\040\000f\000i\000e\000l\000d}{section.2.6}% 34
\BOOKMARK [1][-]{section.2.7}{\376\377\000M\000a\000g\000n\000e\000t\000i\000c\000\040\000f\000i\000e\000l\000d\000\040\000p\000r\000e\000s\000e\000n\000t\000i\000n\000g\000\040\000a\000\040\000r\000a\000d\000i\000u\000s\000\040\000o\000f\000\040\000c\000u\000r\000v\000a\000t\000u\000r\000e}{chapter.2}% 35
\BOOKMARK [1][-]{section.2.8}{\376\377\000V\000a\000r\000i\000a\000b\000l\000e\000\040\000e\000l\000e\000c\000t\000r\000i\000c\000\040\000a\000n\000d\000\040\000c\000o\000n\000s\000t\000a\000n\000t\000\040\000m\000a\000g\000n\000e\000t\000i\000c\000\040\000f\000i\000e\000l\000d}{chapter.2}% 36
\BOOKMARK [1][-]{section.2.9}{\376\377\000N\000o\000n\000-\000u\000n\000i\000f\000o\000r\000m\000\040\000e\000l\000e\000c\000t\000r\000i\000c\000\040\000a\000n\000d\000\040\000u\000n\000i\000f\000o\000r\000m\000\040\000m\000a\000g\000n\000e\000t\000i\000c\000\040\000f\000i\000e\000l\000d}{chapter.2}% 37
\BOOKMARK [1][-]{section.2.10}{\376\377\000A\000d\000i\000a\000b\000a\000t\000i\000c\000\040\000i\000n\000v\000a\000r\000i\000a\000n\000t\000s}{chapter.2}% 38
\BOOKMARK [2][-]{subsection.2.10.1}{\376\377\000F\000i\000r\000s\000t\000\040\000a\000d\000i\000a\000b\000a\000t\000i\000c\000\040\000i\000n\000v\000a\000r\000i\000a\000n\000t}{section.2.10}% 39
\BOOKMARK [2][-]{subsection.2.10.2}{\376\377\000S\000e\000c\000o\000n\000d\000\040\000a\000d\000i\000a\000b\000a\000t\000i\000c\000\040\000i\000n\000v\000a\000r\000i\000a\000n\000t}{section.2.10}% 40
\BOOKMARK [2][-]{subsection.2.10.3}{\376\377\000T\000h\000i\000r\000d\000\040\000a\000d\000i\000a\000b\000a\000t\000i\000c\000\040\000i\000n\000v\000a\000r\000i\000a\000n\000t}{section.2.10}% 41
\BOOKMARK [1][-]{section.2.11}{\376\377\000V\000i\000o\000l\000a\000t\000i\000o\000n\000\040\000o\000f\000\040\000a\000d\000i\000a\000b\000a\000t\000i\000c\000\040\000i\000n\000v\000a\000r\000i\000a\000n\000t\000s}{chapter.2}% 42
\BOOKMARK [2][-]{subsection.2.11.1}{\376\377\000V\000i\000o\000l\000a\000t\000i\000o\000n\000\040\000o\000f\000\040\000t\000h\000e\000\040\000s\000e\000c\000o\000n\000d\000\040\000a\000d\000i\000a\000b\000a\000t\000i\000c\000\040\000i\000n\000v\000a\000r\000i\000a\000n\000t}{section.2.11}% 43
\BOOKMARK [2][-]{subsection.2.11.2}{\376\377\000N\000o\000n\000-\000a\000d\000i\000a\000b\000a\000t\000i\000c\000\040\000m\000o\000t\000i\000o\000n\000\040\000i\000n\000\040\000s\000y\000m\000m\000e\000t\000r\000i\000c\000\040\000g\000e\000o\000m\000e\000t\000r\000y}{section.2.11}% 44
\BOOKMARK [2][-]{subsection.2.11.3}{\376\377\000D\000i\000g\000r\000e\000s\000s\000i\000o\000n\000:\000\040\000S\000t\000r\000e\000a\000m\000\040\000f\000u\000n\000c\000t\000i\000o\000n\000s}{section.2.11}% 45
\BOOKMARK [3][-]{subsubsection.2.11.3.1}{\376\377\000L\000a\000g\000r\000a\000n\000g\000e\000\040\000S\000t\000r\000e\000a\000m\000\040\000F\000u\000n\000c\000t\000i\000o\000n}{subsection.2.11.3}% 46
\BOOKMARK [3][-]{subsubsection.2.11.3.2}{\376\377\000S\000t\000o\000k\000e\000s\000\040\000S\000t\000r\000e\000a\000m\000\040\000F\000u\000n\000c\000t\000i\000o\000n}{subsection.2.11.3}% 47
\BOOKMARK [2][-]{subsection.2.11.4}{\376\377\000S\000u\000d\000d\000e\000n\000\040\000t\000e\000m\000p\000o\000r\000a\000l\000\040\000r\000e\000v\000e\000r\000s\000a\000l\000\040\000o\000f\000\040\000t\000h\000e\000\040\000m\000a\000g\000n\000e\000t\000i\000c\000\040\000f\000i\000e\000l\000d}{section.2.11}% 48
\BOOKMARK [2][-]{subsection.2.11.5}{\376\377\000S\000u\000d\000d\000e\000n\000\040\000s\000p\000a\000t\000i\000a\000l\000\040\000r\000e\000v\000e\000r\000s\000a\000l\000\040\000o\000f\000\040\000t\000h\000e\000\040\000m\000a\000g\000n\000e\000t\000i\000c\000\040\000f\000i\000e\000l\000d}{section.2.11}% 49
\BOOKMARK [0][-]{chapter.3}{\376\377\000M\000o\000d\000e\000l\000s\000\040\000o\000f\000\040\000p\000l\000a\000s\000m\000a\000\040\000d\000y\000n\000a\000m\000i\000c\000s}{}% 50
\BOOKMARK [1][-]{section.3.1}{\376\377\000D\000i\000s\000t\000r\000i\000b\000u\000t\000i\000o\000n\000\040\000f\000u\000n\000c\000t\000i\000o\000n\000\040\000a\000n\000d\000\040\000t\000h\000e\000\040\000V\000l\000a\000s\000o\000v\000\040\000E\000q\000u\000a\000t\000i\000o\000n}{chapter.3}% 51
\BOOKMARK [1][-]{section.3.2}{\376\377\000T\000h\000e\000\040\000t\000w\000o\000-\000f\000l\000u\000i\000d\000\040\000e\000q\000u\000a\000t\000i\000o\000n\000s}{chapter.3}% 52
\BOOKMARK [2][-]{subsection.3.2.1}{\376\377\000A\000d\000i\000a\000b\000a\000t\000i\000c\000\040\000a\000n\000d\000\040\000i\000s\000o\000t\000h\000e\000r\000m\000a\000l\000\040\000l\000i\000m\000i\000t\000s}{section.3.2}% 53
\BOOKMARK [1][-]{section.3.3}{\376\377\000M\000a\000g\000n\000e\000t\000o\000h\000y\000d\000r\000o\000d\000y\000n\000a\000m\000i\000c\000s}{chapter.3}% 54
\BOOKMARK [1][-]{section.3.4}{\376\377\000C\000o\000n\000s\000e\000r\000v\000a\000t\000i\000v\000e\000\040\000p\000r\000o\000p\000e\000r\000t\000i\000e\000s\000\040\000o\000f\000\040\000a\000\040\000V\000l\000a\000s\000o\000v\000-\000M\000a\000x\000w\000e\000l\000l\000\040\000s\000y\000s\000t\000e\000m}{chapter.3}% 55
\BOOKMARK [0][-]{chapter.4}{\376\377\000O\000s\000c\000i\000l\000l\000a\000t\000i\000o\000n\000s\000\040\000a\000n\000d\000\040\000w\000a\000v\000e\000s\000\040\000i\000n\000\040\000p\000l\000a\000s\000m\000a\000s}{}% 56
\BOOKMARK [1][-]{section.4.1}{\376\377\000G\000e\000n\000e\000r\000a\000l\000\040\000p\000r\000o\000c\000e\000d\000u\000r\000e\000\040\000i\000n\000\040\000s\000t\000u\000d\000y\000i\000n\000g\000\040\000p\000l\000a\000s\000m\000a\000\040\000o\000s\000c\000i\000l\000l\000a\000t\000i\000o\000n\000s}{chapter.4}% 57
\BOOKMARK [1][-]{section.4.2}{\376\377\000E\000l\000e\000m\000e\000n\000t\000a\000r\000y\000\040\000p\000l\000a\000s\000m\000a\000\040\000w\000a\000v\000e\000s\000\040\000i\000n\000\040\000i\000d\000e\000a\000l\000\040\000M\000H\000D\000\040\000d\000e\000s\000c\000r\000i\000p\000t\000i\000o\000n}{chapter.4}% 58
\BOOKMARK [2][-]{subsection.4.2.1}{\376\377\000A\000l\000f\000v\000\351\000n\000\040\000w\000a\000v\000e\000s\000:\000\040\000f\000a\000s\000t\000\040\000a\000n\000d\000\040\000s\000l\000o\000w\000\040\000m\000o\000d\000e\000s}{section.4.2}% 59
\BOOKMARK [2][-]{subsection.4.2.2}{\376\377\000A\000l\000f\000v\000\351\000n\000\040\000w\000a\000v\000e\000s\000:\000\040\000s\000h\000e\000a\000r\000\040\000a\000n\000d\000\040\000c\000o\000m\000p\000r\000e\000s\000s\000i\000o\000n\000a\000l\000\040\000m\000o\000d\000e\000s}{section.4.2}% 60
\BOOKMARK [1][-]{section.4.3}{\376\377\000E\000l\000e\000m\000e\000n\000t\000a\000r\000y\000\040\000c\000o\000l\000d\000\040\000p\000l\000a\000s\000m\000a\000\040\000w\000a\000v\000e\000s\000\040\000i\000n\000\040\000t\000h\000e\000\040\000t\000w\000o\000-\000f\000l\000u\000i\000d\000\040\000d\000e\000s\000c\000r\000i\000p\000t\000i\000o\000n}{chapter.4}% 61
\BOOKMARK [2][-]{subsection.4.3.1}{\376\377\000O\000b\000t\000a\000i\000n\000i\000n\000g\000\040\000d\000i\000s\000p\000e\000r\000s\000i\000o\000n\000\040\000r\000e\000l\000a\000t\000i\000o\000n\000s\000\040\000v\000i\000a\000\040\000t\000h\000e\000\040\000d\000i\000e\000l\000e\000c\000t\000r\000i\000c\000\040\000t\000e\000n\000s\000o\000r}{section.4.3}% 62
\BOOKMARK [2][-]{subsection.4.3.2}{\376\377\000R\000e\000s\000o\000n\000a\000n\000c\000e\000s\000\040\000a\000n\000d\000\040\000c\000u\000t\000-\000o\000f\000f\000s}{section.4.3}% 63
\BOOKMARK [2][-]{subsection.4.3.3}{\376\377\000C\000l\000e\000m\000m\000o\000w\000-\000M\000u\000l\000l\000a\000l\000y\000-\000A\000l\000l\000i\000s\000\040\000d\000i\000a\000g\000r\000a\000m\000\040\000a\000n\000d\000\040\000t\000a\000x\000o\000n\000o\000m\000y\000\040\000o\000f\000\040\000m\000o\000d\000e\000s}{section.4.3}% 64
\BOOKMARK [1][-]{section.4.4}{\376\377\000E\000l\000e\000m\000e\000n\000t\000a\000r\000y\000\040\000w\000a\000r\000m\000\040\000p\000l\000a\000s\000m\000a\000\040\000w\000a\000v\000e\000s\000\040\000i\000n\000\040\000t\000h\000e\000\040\000t\000w\000o\000-\000f\000l\000u\000i\000d\000\040\000d\000e\000s\000c\000r\000i\000p\000t\000i\000o\000n}{chapter.4}% 65
\BOOKMARK [2][-]{subsection.4.4.1}{\376\377\000P\000e\000r\000p\000e\000n\000d\000i\000c\000u\000l\000a\000r\000\040\000p\000r\000o\000p\000a\000g\000a\000t\000i\000o\000n\000\040\000i\000n\000\040\000w\000a\000r\000m\000\040\000m\000a\000g\000n\000e\000t\000i\000s\000e\000d\000\040\000p\000l\000a\000s\000m\000a\000s}{section.4.4}% 66
\BOOKMARK [2][-]{subsection.4.4.2}{\376\377\000P\000a\000r\000a\000l\000l\000e\000l\000\040\000p\000r\000o\000p\000a\000g\000a\000t\000i\000o\000n\000\040\000i\000n\000\040\000w\000a\000r\000m\000\040\000m\000a\000g\000n\000e\000t\000i\000s\000e\000d\000\040\000p\000l\000a\000s\000m\000a\000s}{section.4.4}% 67
\BOOKMARK [2][-]{subsection.4.4.3}{\376\377\000N\000o\000n\000-\000l\000i\000n\000e\000a\000r\000\040\000c\000o\000l\000d\000\040\000u\000n\000m\000a\000g\000n\000e\000t\000i\000s\000e\000d\000\040\000w\000a\000v\000e\000s\000\040\000i\000n\000\040\000t\000h\000e\000\040\000t\000w\000o\000-\000f\000l\000u\000i\000d\000\040\000d\000e\000s\000c\000r\000i\000p\000t\000i\000o\000n}{section.4.4}% 68
\BOOKMARK [3][-]{subsubsection.4.4.3.1}{\376\377\000S\000o\000l\000i\000t\000o\000n\000\040\000s\000o\000l\000u\000t\000i\000o\000n\000\040\000o\000f\000\040\000a\000\040\000n\000o\000n\000-\000l\000i\000n\000e\000a\000r\000\040\000i\000o\000n\000\040\000a\000c\000o\000u\000s\000t\000i\000c\000\040\000w\000a\000v\000e}{subsection.4.4.3}% 69
\BOOKMARK [1][-]{section.4.5}{\376\377\000V\000l\000a\000s\000o\000v\000-\000P\000o\000i\000s\000s\000o\000n\000\040\000m\000o\000d\000e\000l\000\040\000o\000f\000\040\000w\000a\000r\000m\000\040\000e\000l\000e\000c\000t\000r\000o\000s\000t\000a\000t\000i\000c\000\040\000w\000a\000v\000e\000s}{chapter.4}% 70
\BOOKMARK [2][-]{subsection.4.5.1}{\376\377\000T\000w\000o\000-\000s\000t\000r\000e\000a\000m\000\040\000i\000n\000s\000t\000a\000b\000i\000l\000i\000t\000y}{section.4.5}% 71
\BOOKMARK [2][-]{subsection.4.5.2}{\376\377\000T\000r\000e\000a\000t\000m\000e\000n\000t\000\040\000o\000f\000\040\000e\000l\000e\000c\000t\000r\000o\000s\000t\000a\000t\000i\000c\000\040\000w\000a\000v\000e\000s\000\040\000u\000s\000i\000n\000g\000\040\000L\000a\000n\000d\000a\000u\000\040\000a\000p\000p\000r\000o\000a\000c\000h}{section.4.5}% 72
\BOOKMARK [2][-]{subsection.4.5.3}{\376\377\000S\000t\000a\000b\000i\000l\000i\000t\000y\000\040\000o\000f\000\040\000d\000i\000s\000t\000r\000i\000b\000u\000t\000i\000o\000n\000\040\000f\000u\000n\000c\000t\000i\000o\000n\000s\000\040\000w\000i\000t\000h\000\040\000a\000\040\000s\000i\000n\000g\000l\000e\000\040\000g\000l\000o\000b\000a\000l\000\040\000m\000a\000x\000i\000m\000u\000m}{section.4.5}% 73
\BOOKMARK [2][-]{subsection.4.5.4}{\376\377\000L\000a\000n\000d\000a\000u\000\040\000d\000a\000m\000p\000i\000n\000g\000\040\000o\000f\000\040\000a\000n\000\040\000i\000o\000n\000-\000a\000c\000o\000u\000s\000t\000i\000c\000\040\000w\000a\000v\000e}{section.4.5}% 74
\BOOKMARK [1][-]{section.4.6}{\376\377\000K\000i\000n\000e\000t\000i\000c\000\040\000d\000e\000s\000c\000r\000i\000p\000t\000i\000o\000n\000\040\000o\000f\000\040\000w\000a\000v\000e\000s\000\040\000i\000n\000\040\000m\000a\000g\000n\000e\000t\000i\000s\000e\000d\000\040\000p\000l\000a\000s\000m\000a\000s}{chapter.4}% 75
\BOOKMARK [2][-]{subsection.4.6.1}{\376\377\000B\000e\000r\000n\000s\000t\000e\000i\000n\000\040\000w\000a\000v\000e\000s}{section.4.6}% 76
\BOOKMARK [0][-]{chapter.5}{\376\377\000M\000a\000g\000n\000e\000t\000i\000c\000\040\000f\000i\000e\000l\000d\000\040\000s\000t\000r\000u\000c\000t\000u\000r\000e}{}% 77
\BOOKMARK [1][-]{section.5.1}{\376\377\000M\000a\000g\000n\000e\000t\000i\000c\000\040\000f\000i\000e\000l\000d\000-\000l\000i\000n\000e\000s}{chapter.5}% 78
\BOOKMARK [2][-]{subsection.5.1.1}{\376\377\000M\000a\000g\000n\000e\000t\000i\000c\000\040\000p\000r\000e\000s\000s\000u\000r\000e\000\040\000a\000n\000d\000\040\000t\000e\000n\000s\000i\000o\000n}{section.5.1}% 79
\BOOKMARK [1][-]{section.5.2}{\376\377\000M\000a\000g\000n\000e\000t\000i\000c\000\040\000s\000u\000r\000f\000a\000c\000e\000s}{chapter.5}% 80
\BOOKMARK [2][-]{subsection.5.2.1}{\376\377\000C\000o\000n\000f\000i\000n\000e\000m\000e\000n\000t\000\040\000i\000n\000\040\000o\000p\000e\000n\000\040\000s\000y\000s\000t\000e\000m\000s\000\040\000v\000i\000a\000\040\000m\000i\000r\000r\000o\000r\000s\000\040\000a\000n\000d\000\040\000c\000u\000s\000p\000s}{section.5.2}% 81
\BOOKMARK [2][-]{subsection.5.2.2}{\376\377\000C\000o\000n\000s\000t\000r\000u\000c\000t\000i\000n\000g\000\040\000m\000a\000g\000n\000e\000t\000i\000c\000\040\000s\000u\000r\000f\000a\000c\000e\000s\000\040\000i\000n\000\040\000o\000p\000e\000n\000\040\000s\000y\000s\000t\000e\000m\000s}{section.5.2}% 82
\BOOKMARK [2][-]{subsection.5.2.3}{\376\377\000C\000o\000n\000s\000t\000r\000u\000c\000t\000i\000n\000g\000\040\000m\000a\000g\000n\000e\000t\000i\000c\000\040\000s\000u\000r\000f\000a\000c\000e\000s\000\040\000i\000n\000\040\000t\000o\000r\000o\000i\000d\000a\000l\000\040\000s\000y\000s\000t\000e\000m\000s}{section.5.2}% 83
\BOOKMARK [1][-]{section.5.3}{\376\377\000E\000l\000e\000m\000e\000n\000t\000a\000r\000y\000\040\000c\000u\000r\000v\000i\000l\000i\000n\000e\000a\000r\000\040\000c\000o\000o\000r\000d\000i\000n\000a\000t\000e\000\040\000s\000y\000s\000t\000e\000m\000s}{chapter.5}% 84
\BOOKMARK [2][-]{subsection.5.3.1}{\376\377\000G\000e\000n\000e\000r\000a\000l\000\040\000n\000o\000n\000-\000o\000r\000t\000h\000o\000g\000o\000n\000a\000l\000\040\000c\000o\000o\000r\000d\000i\000n\000a\000t\000e\000\040\000s\000y\000s\000t\000e\000m\000s}{section.5.3}% 85
\BOOKMARK [3][-]{subsubsection.5.3.1.1}{\376\377\000C\000y\000l\000i\000n\000d\000r\000i\000c\000a\000l\000-\000t\000o\000r\000o\000i\000d\000a\000l\000\040\000o\000r\000\040\000p\000s\000e\000u\000d\000o\000-\000t\000o\000r\000o\000i\000d\000a\000l\000\040\000s\000y\000s\000t\000e\000m}{subsection.5.3.1}% 86
\BOOKMARK [3][-]{subsubsection.5.3.1.2}{\376\377\000G\000e\000n\000e\000r\000a\000l\000i\000z\000e\000d\000\040\000c\000y\000l\000i\000n\000d\000r\000i\000c\000a\000l\000-\000t\000o\000r\000o\000i\000d\000a\000l\000\040\000s\000y\000s\000t\000e\000m}{subsection.5.3.1}% 87
\BOOKMARK [3][-]{subsubsection.5.3.1.3}{\376\377\000I\000l\000l\000u\000s\000t\000r\000a\000t\000i\000v\000e\000\040\000e\000x\000a\000m\000p\000l\000e\000\040\000o\000f\000\040\000t\000h\000e\000\040\000g\000e\000n\000e\000r\000a\000l\000i\000z\000e\000d\000\040\000c\000y\000l\000i\000n\000d\000r\000i\000c\000a\000l\000-\000t\000o\000r\000o\000i\000d\000a\000l\000\040\000s\000y\000s\000t\000e\000m}{subsection.5.3.1}% 88
\BOOKMARK [3][-]{subsubsection.5.3.1.4}{\376\377\000I\000n\000t\000e\000r\000l\000u\000d\000e\000\040\000o\000n\000\040\000t\000h\000e\000\040\000C\000l\000e\000b\000s\000c\000h\000\040\000c\000o\000o\000r\000d\000i\000n\000a\000t\000e\000\040\000s\000y\000s\000t\000e\000m\000s}{subsection.5.3.1}% 89
\BOOKMARK [1][-]{section.5.4}{\376\377\000L\000a\000b\000e\000l\000l\000i\000n\000g\000\040\000m\000a\000g\000n\000e\000t\000i\000c\000\040\000s\000u\000r\000f\000a\000c\000e\000s}{chapter.5}% 90
\BOOKMARK [2][-]{subsection.5.4.1}{\376\377\000L\000a\000b\000e\000l\000l\000i\000n\000g\000\040\000m\000a\000g\000n\000e\000t\000i\000c\000\040\000s\000u\000r\000f\000a\000c\000e\000s\000\040\000i\000n\000\040\000t\000o\000r\000o\000i\000d\000a\000l\000\040\000s\000y\000s\000t\000e\000m\000s}{section.5.4}% 91
\BOOKMARK [2][-]{subsection.5.4.2}{\376\377\000R\000o\000t\000a\000t\000i\000o\000n\000a\000l\000\040\000t\000r\000a\000n\000s\000f\000o\000r\000m\000\040\000i\000n\000\040\000t\000o\000r\000o\000i\000d\000a\000l\000\040\000s\000y\000s\000t\000e\000m\000s}{section.5.4}% 92
\BOOKMARK [2][-]{subsection.5.4.3}{\376\377\000M\000a\000g\000n\000e\000t\000i\000c\000\040\000a\000x\000i\000s}{section.5.4}% 93
\BOOKMARK [2][-]{subsection.5.4.4}{\376\377\000L\000a\000b\000e\000l\000l\000i\000n\000g\000\040\000m\000a\000g\000n\000e\000t\000i\000c\000\040\000s\000u\000r\000f\000a\000c\000e\000s\000\040\000i\000n\000\040\000o\000p\000e\000n\000\040\000s\000y\000s\000t\000e\000m\000s}{section.5.4}% 94
\BOOKMARK [1][-]{section.5.5}{\376\377\000F\000l\000u\000x\000\040\000c\000o\000o\000r\000d\000i\000n\000a\000t\000e\000\040\000s\000y\000s\000t\000e\000m\000s}{chapter.5}% 95
\BOOKMARK [2][-]{subsection.5.5.1}{\376\377\000B\000o\000o\000z\000e\000r\000\040\000f\000l\000u\000x\000\040\000c\000o\000o\000r\000d\000i\000n\000a\000t\000e\000\040\000s\000y\000s\000t\000e\000m}{section.5.5}% 96
\BOOKMARK [2][-]{subsection.5.5.2}{\376\377\000F\000l\000u\000x\000-\000s\000u\000r\000f\000a\000c\000e\000\040\000a\000v\000e\000r\000a\000g\000e}{section.5.5}% 97
\BOOKMARK [3][-]{subsubsection.5.5.2.1}{\376\377\000F\000l\000u\000x\000-\000s\000u\000r\000f\000a\000c\000e\000\040\000a\000v\000e\000r\000a\000g\000e\000\040\000i\000n\000\040\000a\000x\000i\000s\000y\000m\000m\000e\000t\000r\000i\000c\000\040\000s\000y\000s\000t\000e\000m\000s}{subsection.5.5.2}% 98
\BOOKMARK [2][-]{subsection.5.5.3}{\376\377\000M\000a\000g\000n\000e\000t\000i\000c\000\040\000d\000i\000f\000f\000e\000r\000e\000n\000t\000i\000a\000l\000\040\000e\000q\000u\000a\000t\000i\000o\000n}{section.5.5}% 99
\BOOKMARK [2][-]{subsection.5.5.4}{\376\377\000I\000d\000e\000a\000l\000-\000M\000H\000D\000-\000e\000q\000u\000i\000l\000i\000b\000r\000i\000u\000m\000\040\000c\000o\000n\000d\000i\000t\000i\000o\000n\000s\000\040\000f\000o\000r\000\040\000t\000o\000r\000o\000i\000d\000a\000l\000\040\000s\000y\000s\000t\000e\000m\000s}{section.5.5}% 100
\BOOKMARK [2][-]{subsection.5.5.5}{\376\377\000S\000y\000m\000m\000e\000t\000r\000i\000c\000\040\000f\000l\000u\000x\000\040\000c\000o\000o\000r\000d\000i\000n\000a\000t\000e\000s\000\040\000i\000n\000\040\000a\000\040\000t\000o\000k\000a\000m\000a\000k}{section.5.5}% 101
\BOOKMARK [2][-]{subsection.5.5.6}{\376\377\000G\000e\000n\000e\000r\000a\000l\000\040\000C\000l\000e\000b\000s\000c\000h\000-\000t\000y\000p\000e\000\040\000f\000l\000u\000x\000\040\000c\000o\000o\000r\000d\000i\000n\000a\000t\000e\000\040\000s\000y\000s\000t\000e\000m\000s}{section.5.5}% 102
\BOOKMARK [2][-]{subsection.5.5.7}{\376\377\000B\000o\000o\000z\000e\000r\000-\000G\000r\000a\000d\000\040\000f\000l\000u\000x\000\040\000c\000o\000o\000r\000d\000i\000n\000a\000t\000e\000\040\000s\000y\000s\000t\000e\000m}{section.5.5}% 103
\BOOKMARK [2][-]{subsection.5.5.8}{\376\377\000H\000a\000m\000a\000d\000a\000\040\000f\000l\000u\000x\000\040\000c\000o\000o\000r\000d\000i\000n\000a\000t\000e\000\040\000s\000y\000s\000t\000e\000m}{section.5.5}% 104
\BOOKMARK [1][-]{section.5.6}{\376\377\000M\000a\000g\000n\000e\000t\000i\000c\000\040\000f\000i\000e\000l\000d\000\040\000s\000t\000r\000u\000c\000t\000u\000r\000e\000\040\000i\000n\000\040\000h\000e\000l\000i\000c\000a\000l\000\040\000s\000y\000s\000t\000e\000m\000s}{chapter.5}% 105
\BOOKMARK [1][-]{section.5.7}{\376\377\000M\000a\000g\000n\000e\000t\000i\000c\000\040\000f\000i\000e\000l\000d\000-\000l\000i\000n\000e\000\040\000H\000a\000m\000i\000l\000t\000o\000n\000i\000a\000n}{chapter.5}% 106
\BOOKMARK [2][-]{subsection.5.7.1}{\376\377\000F\000l\000u\000x\000\040\000c\000o\000o\000r\000d\000i\000n\000a\000t\000e\000\040\000s\000y\000s\000t\000e\000m\000s\000\040\000r\000e\000v\000i\000s\000i\000t\000e\000d}{section.5.7}% 107
\BOOKMARK [2][-]{subsection.5.7.2}{\376\377\000C\000a\000n\000o\000n\000i\000c\000a\000l\000\040\000m\000a\000g\000n\000e\000t\000i\000c\000\040\000c\000o\000o\000r\000d\000i\000n\000a\000t\000e\000s}{section.5.7}% 108
\BOOKMARK [1][-]{section.5.8}{\376\377\000Q\000u\000a\000s\000i\000-\000s\000y\000m\000m\000e\000t\000r\000y\000\040\000o\000f\000\040\000m\000a\000g\000n\000e\000t\000i\000c\000\040\000f\000i\000e\000l\000d\000s}{chapter.5}% 109
\BOOKMARK [2][-]{subsection.5.8.1}{\376\377\000A\000x\000i\000s\000y\000m\000m\000e\000t\000r\000i\000c\000\040\000c\000o\000n\000f\000i\000n\000e\000m\000e\000n\000t}{section.5.8}% 110
\BOOKMARK [3][-]{subsubsection.5.8.1.1}{\376\377\000C\000a\000n\000o\000n\000i\000c\000a\000l\000\040\000a\000n\000g\000u\000l\000a\000r\000\040\000m\000o\000m\000e\000n\000t\000u\000m}{subsection.5.8.1}% 111
\BOOKMARK [3][-]{subsubsection.5.8.1.2}{\376\377\000D\000i\000f\000f\000i\000c\000u\000l\000t\000i\000e\000s\000\040\000w\000i\000t\000h\000\040\000a\000x\000i\000s\000y\000m\000m\000e\000t\000r\000i\000c\000\040\000c\000o\000n\000f\000i\000n\000e\000m\000e\000n\000t\000s}{subsection.5.8.1}% 112
\BOOKMARK [0][-]{chapter.6}{\376\377\000M\000a\000g\000n\000e\000t\000o\000h\000y\000d\000r\000o\000d\000y\000n\000a\000m\000i\000c\000\040\000e\000q\000u\000i\000l\000i\000b\000r\000i\000a}{}% 113
\BOOKMARK [1][-]{section.6.1}{\376\377\000M\000a\000g\000n\000e\000t\000i\000c\000\040\000f\000i\000e\000l\000d\000\040\000s\000t\000r\000u\000c\000t\000u\000r\000e\000\040\000r\000e\000v\000i\000s\000i\000t\000e\000d}{chapter.6}% 114
\BOOKMARK [2][-]{subsection.6.1.1}{\376\377\000F\000o\000r\000c\000e\000-\000f\000r\000e\000e\000\040\000m\000a\000g\000n\000e\000t\000i\000c\000\040\000f\000i\000e\000l\000d\000s}{section.6.1}% 115
\BOOKMARK [2][-]{subsection.6.1.2}{\376\377\000M\000a\000g\000n\000e\000t\000o\000h\000y\000d\000r\000o\000d\000y\000n\000a\000m\000i\000c\000\040\000v\000i\000r\000i\000a\000l\000\040\000t\000h\000e\000o\000r\000e\000m}{section.6.1}% 116
\BOOKMARK [2][-]{subsection.6.1.3}{\376\377\000F\000l\000u\000x\000\040\000p\000r\000e\000s\000e\000r\000v\000a\000t\000i\000o\000n\000\040\000a\000n\000d\000\040\000i\000n\000d\000u\000c\000t\000a\000n\000c\000e}{section.6.1}% 117
\BOOKMARK [1][-]{section.6.2}{\376\377\000B\000a\000s\000i\000c\000\040\000p\000r\000o\000p\000e\000r\000t\000i\000e\000s\000\040\000o\000f\000\040\000i\000d\000e\000a\000l\000\040\000m\000a\000g\000n\000e\000t\000o\000h\000y\000d\000r\000o\000d\000y\000n\000a\000m\000i\000c\000s}{chapter.6}% 118
\BOOKMARK [2][-]{subsection.6.2.1}{\376\377\000M\000a\000g\000n\000e\000t\000i\000c\000\040\000f\000l\000u\000x\000\040\000t\000u\000b\000e\000s}{section.6.2}% 119
\BOOKMARK [2][-]{subsection.6.2.2}{\376\377\000M\000a\000g\000n\000e\000t\000i\000c\000\040\000h\000e\000l\000i\000c\000i\000t\000y\000:\000\040\000i\000n\000t\000e\000r\000l\000u\000d\000e\000\040\000t\000o\000\040\000t\000h\000e\000\040\000t\000o\000p\000o\000l\000o\000g\000y\000\040\000o\000f\000\040\000m\000a\000g\000n\000e\000t\000i\000c\000\040\000f\000i\000e\000l\000d\000\040\000s\000t\000r\000u\000c\000t\000u\000r\000e}{section.6.2}% 120
\BOOKMARK [3][-]{subsubsection.6.2.2.1}{\376\377\000T\000r\000a\000n\000s\000p\000o\000r\000t\000\040\000o\000f\000\040\000m\000a\000g\000n\000e\000t\000i\000c\000\040\000h\000e\000l\000i\000c\000i\000t\000y}{subsection.6.2.2}% 121
\BOOKMARK [1][-]{section.6.3}{\376\377\000I\000d\000e\000a\000l\000\040\000m\000a\000g\000n\000e\000t\000o\000h\000y\000d\000r\000o\000s\000t\000a\000t\000i\000c\000\040\000e\000q\000u\000i\000l\000i\000b\000r\000i\000a}{chapter.6}% 122
\BOOKMARK [2][-]{subsection.6.3.1}{\376\377\000G\000r\000a\000d\000-\000S\000h\000a\000f\000r\000a\000n\000o\000v\000\040\000e\000q\000u\000a\000t\000i\000o\000n}{section.6.3}% 123
\BOOKMARK [3][-]{subsubsection.6.3.1.1}{\376\377\000S\000o\000l\000o\000v\000e\000v\000'\000s\000\040\000s\000o\000l\000u\000t\000i\000o\000n\000\040\000t\000o\000\040\000t\000h\000e\000\040\000G\000r\000a\000d\000-\000S\000h\000a\000f\000r\000a\000n\000o\000v\000\040\000e\000q\000u\000a\000t\000i\000o\000n}{subsection.6.3.1}% 124
\BOOKMARK [3][-]{subsubsection.6.3.1.2}{\376\377\000F\000o\000r\000c\000e\000-\000f\000r\000e\000e\000\040\000s\000o\000l\000u\000t\000i\000o\000n\000\040\000u\000n\000d\000e\000r\000\040\000S\000o\000l\000o\000v\000e\000v\000'\000s\000\040\000h\000y\000p\000o\000t\000h\000e\000s\000e\000s}{subsection.6.3.1}% 125
\BOOKMARK [3][-]{subsubsection.6.3.1.3}{\376\377\000P\000r\000o\000p\000e\000r\000t\000i\000e\000s\000\040\000o\000f\000\040\000s\000o\000l\000u\000t\000i\000o\000n\000s\000\040\000t\000o\000\040\000t\000h\000e\000\040\000G\000r\000a\000d\000-\000S\000h\000a\000f\000r\000a\000n\000o\000v\000\040\000e\000q\000u\000a\000t\000i\000o\000n}{subsection.6.3.1}% 126
\BOOKMARK [2][-]{subsection.6.3.2}{\376\377\000O\000u\000t\000l\000i\000n\000e\000\040\000o\000f\000\040\000e\000x\000a\000c\000t\000\040\000s\000o\000l\000u\000t\000i\000o\000n\000s\000\040\000t\000o\000\040\000t\000h\000e\000\040\000G\000r\000a\000d\000-\000S\000h\000a\000f\000r\000a\000n\000o\000v\000\040\000e\000q\000u\000a\000t\000i\000o\000n}{section.6.3}% 127
\BOOKMARK [3][-]{subsubsection.6.3.2.1}{\376\377\000D\000i\000g\000r\000e\000s\000s\000i\000o\000n\000:\000\040\000F\000r\000o\000b\000e\000n\000i\000u\000s\000\040\000m\000e\000t\000h\000o\000d\000\040\000a\000n\000d\000\040\000h\000y\000p\000e\000r\000g\000e\000o\000m\000e\000t\000r\000i\000c\000\040\000f\000u\000n\000c\000t\000i\000o\000n\000s}{subsection.6.3.2}% 128
\BOOKMARK [2][-]{subsection.6.3.3}{\376\377\000G\000e\000n\000e\000r\000a\000l\000i\000s\000a\000t\000i\000o\000n\000\040\000t\000o\000\040\000h\000e\000l\000i\000c\000a\000l\000\040\000s\000y\000s\000t\000e\000m\000s}{section.6.3}% 129
\BOOKMARK [0][-]{chapter.7}{\376\377\000M\000a\000g\000n\000e\000t\000o\000h\000y\000d\000r\000o\000d\000y\000n\000a\000m\000i\000c\000\040\000i\000n\000s\000t\000a\000b\000i\000l\000i\000t\000i\000e\000s}{}% 130
\BOOKMARK [1][-]{section.7.1}{\376\377\000N\000o\000r\000m\000a\000l\000\040\000m\000o\000d\000e\000s\000\040\000a\000n\000d\000\040\000i\000n\000s\000t\000a\000b\000i\000l\000i\000t\000y}{chapter.7}% 131
\BOOKMARK [2][-]{subsection.7.1.1}{\376\377\000E\000n\000e\000r\000g\000y\000\040\000p\000r\000i\000n\000c\000i\000p\000l\000e}{section.7.1}% 132
\BOOKMARK [0][-]{chapter.8}{\376\377\000T\000o\000k\000a\000m\000a\000k\000s\000\040\000a\000n\000d\000\040\000t\000o\000r\000o\000i\000d\000a\000l\000l\000y\000\040\000c\000o\000n\000f\000i\000n\000e\000d\000\040\000p\000l\000a\000s\000m\000a\000s}{}% 133
\BOOKMARK [1][-]{section.8.1}{\376\377\000H\000a\000m\000i\000l\000t\000o\000n\000i\000a\000n\000\040\000f\000o\000r\000m\000a\000l\000i\000s\000m\000\040\000a\000p\000p\000l\000i\000e\000d\000\040\000t\000o\000\040\000t\000o\000k\000a\000m\000a\000k\000s}{chapter.8}% 134
\BOOKMARK [2][-]{subsection.8.1.1}{\376\377\000A\000c\000t\000i\000o\000n\000-\000a\000n\000g\000l\000e\000\040\000v\000a\000r\000i\000a\000b\000l\000e\000s\000\040\000f\000o\000r\000\040\000m\000a\000g\000n\000e\000t\000i\000c\000\040\000f\000i\000e\000l\000d\000-\000l\000i\000n\000e\000s}{section.8.1}% 135
\BOOKMARK [1][-]{section.8.2}{\376\377\000S\000i\000n\000g\000l\000e\000-\000n\000u\000l\000l\000\040\000d\000i\000v\000e\000r\000t\000o\000r\000\040\000t\000o\000k\000a\000m\000a\000k}{chapter.8}% 136
\BOOKMARK [1][-]{section.8.3}{\376\377\000E\000q\000u\000i\000l\000i\000b\000r\000i\000u\000m\000\040\000f\000i\000e\000l\000d\000s\000\040\000o\000f\000\040\000t\000o\000r\000o\000i\000d\000a\000l\000l\000y\000\040\000c\000o\000n\000f\000i\000n\000e\000d\000\040\000p\000l\000a\000s\000m\000a\000s}{chapter.8}% 137
\BOOKMARK [2][-]{subsection.8.3.1}{\376\377\000E\000q\000u\000i\000l\000i\000b\000r\000i\000u\000m\000\040\000p\000l\000a\000s\000m\000a\000s\000\040\000w\000i\000t\000h\000\040\000c\000i\000r\000c\000u\000l\000a\000r\000\040\000c\000r\000o\000s\000s\000-\000s\000e\000c\000t\000i\000o\000n}{section.8.3}% 138
\BOOKMARK [2][-]{subsection.8.3.2}{\376\377\000E\000l\000o\000n\000g\000a\000t\000e\000d\000\040\000e\000q\000u\000i\000l\000i\000b\000r\000i\000u\000m\000\040\000p\000l\000a\000s\000m\000a\000s}{section.8.3}% 139
\BOOKMARK [0][-]{chapter.9}{\376\377\000N\000e\000o\000c\000l\000a\000s\000s\000i\000c\000a\000l\000\040\000t\000r\000a\000n\000s\000p\000o\000r\000t\000\040\000i\000n\000\040\000p\000l\000a\000s\000m\000a\000s}{}% 140
\BOOKMARK [1][-]{section.9.1}{\376\377\000F\000o\000k\000k\000e\000r\000-\000P\000l\000a\000n\000c\000k\000\040\000c\000o\000l\000l\000i\000s\000i\000o\000n\000\040\000t\000h\000e\000o\000r\000y}{chapter.9}% 141
\BOOKMARK [2][-]{subsection.9.1.1}{\376\377\000F\000o\000k\000k\000e\000r\000-\000P\000l\000a\000n\000c\000k\000\040\000e\000q\000u\000a\000t\000i\000o\000n}{section.9.1}% 142
\BOOKMARK [2][-]{subsection.9.1.2}{\376\377\000D\000i\000s\000s\000i\000p\000a\000t\000i\000o\000n\000\040\000o\000f\000\040\000m\000o\000m\000e\000n\000t\000u\000m}{section.9.1}% 143
\BOOKMARK [2][-]{subsection.9.1.3}{\376\377\000D\000i\000f\000f\000u\000s\000i\000o\000n\000\040\000o\000f\000\040\000k\000i\000n\000e\000t\000i\000c\000\040\000e\000n\000e\000r\000g\000y}{section.9.1}% 144
\BOOKMARK [2][-]{subsection.9.1.4}{\376\377\000A\000\040\000m\000o\000r\000e\000\040\000c\000o\000r\000r\000e\000c\000t\000\040\000a\000p\000p\000r\000o\000a\000c\000h}{section.9.1}% 145
